firmware
├── nerves_runtime ~> 0.4 (Hex package)
│   ├── elixir_make ~> 0.4 (Hex package)
│   └── system_registry ~> 0.5 (Hex package)
├── web (../web)
│   ├── phoenix ~> 1.3.3 (Hex package)
│   │   ├── cowboy ~> 1.0 (Hex package)
│   │   │   ├── cowlib ~> 1.0.2 (Hex package)
│   │   │   └── ranch ~> 1.3.2 (Hex package)
│   │   ├── phoenix_pubsub ~> 1.0 (Hex package)
│   │   ├── plug ~> 1.3.3 or ~> 1.4 (Hex package)
│   │   │   ├── cowboy ~> 1.0.1 or ~> 1.1 or ~> 2.4 (Hex package)
│   │   │   └── mime ~> 1.0 (Hex package)
│   │   └── poison ~> 2.2 or ~> 3.0 (Hex package)
│   ├── phoenix_pubsub ~> 1.0 (Hex package)
│   ├── phoenix_html ~> 2.10 (Hex package)
│   │   └── plug ~> 1.5 (Hex package)
│   ├── gettext ~> 0.11 (Hex package)
│   └── cowboy ~> 1.0 (Hex package)
├── nerves ~> 1.0 (Hex package)
│   └── distillery ~> 1.4 (Hex package)
├── nerves_system_rpi2 ~> 1.0 (Hex package)
│   ├── nerves ~> 1.0 (Hex package)
│   ├── nerves_system_br 1.4.1 (Hex package)
│   ├── nerves_system_linter ~> 0.3.0 (Hex package)
│   └── nerves_toolchain_arm_unknown_linux_gnueabihf 1.1.0 (Hex package)
│       ├── nerves ~> 1.0 (Hex package)
│       └── nerves_toolchain_ctng ~> 1.5.0 (Hex package)
│           └── nerves ~> 1.0 (Hex package)
└── shoehorn ~> 0.2 (Hex package)
    └── distillery ~> 1.0 (Hex package)
